// Vitest Snapshot v1, https://vitest.dev/guide/snapshot.html

exports[`FeaturedTeacher > renders with default props 1`] = `
<div>
  <div
    class="bg-kohl py-24 md:py-32 lg:py-40"
    data-testid="featured-teacher"
  >
    <div
      class="mx-auto grid max-w-7xl grid-cols-1 gap-x-8 gap-y-20 px-6 lg:px-8 xl:grid-cols-3"
    >
      <div
        class="mx-auto max-w-2xl lg:mx-0"
      >
        <h2
          class="text-3xl font-bold tracking-tight text-cerulean sm:text-4xl font-montserrat"
        >
          Meet Our Team Member
        </h2>
         
        <p
          class="mt-6 text-lg leading-8 text-ivory/70 font-sourceSans"
        >
          Team description
        </p>
      </div>
       
      <ul
        class="mx-auto grid max-w-2xl grid-cols-1 gap-x-6 gap-y-20 sm:grid-cols-2 lg:mx-0 lg:max-w-none lg:gap-x-8 xl:col-span-2"
        role="list"
      >
        <li>
          <img
            alt="John Doe"
            class="aspect-[3/2] w-full rounded-2xl object-cover"
            src="/path/to/image.jpg"
          />
           
          <h3
            class="mt-6 text-lg font-semibold leading-8 text-ivory font-montserrat"
          >
            John Doe
          </h3>
           
          <p
            class="text-base leading-7 text-ivory/70 font-sourceSans"
          >
            Senior Teacher
          </p>
           
          <p
            class="mt-4 text-base leading-7 text-ivory/70 font-sourceSans space-y-4"
          >
            Teacher bio
            <!---->
          </p>
           
          <ul
            class="mt-6 flex gap-x-6"
            role="list"
          >
            <li>
              <a
                class="text-flannel hover:text-cerulean"
                href="https://x.com/johndoe"
              >
                <span
                  class="sr-only"
                >
                  X
                </span>
                 
                <svg
                  aria-hidden="true"
                  class="h-5 w-5"
                  fill="currentColor"
                  viewBox="0 0 20 20"
                >
                  <path
                    d="M11.4678 8.77491L17.2961 2H15.915L10.8543 7.88256L6.81232 2H2.15039L8.26263 10.8955L2.15039 18H3.53159L8.87581 11.7878L13.1444 18H17.8063L11.4675 8.77491H11.4678ZM9.57608 10.9738L8.95678 10.0881L4.02925 3.03974H6.15068L10.1273 8.72795L10.7466 9.61374L15.9156 17.0075H13.7942L9.57608 10.9742V10.9738Z"
                  />
                </svg>
              </a>
            </li>
            <!---->
             
            <li>
              <a
                class="text-flannel hover:text-cerulean"
                href="https://linkedin.com/in/johndoe"
              >
                <span
                  class="sr-only"
                >
                  LinkedIn
                </span>
                 
                <svg
                  aria-hidden="true"
                  class="h-5 w-5"
                  fill="currentColor"
                  viewBox="0 0 20 20"
                >
                  <path
                    clip-rule="evenodd"
                    d="M16.338 16.338H13.67V12.16c0-.995-.017-2.277-1.387-2.277-1.39 0-1.601 1.086-1.601 2.207v4.248H8.014v-8.59h2.559v1.174h.037c.356-.675 1.227-1.387 2.526-1.387 2.703 0 3.203 1.778 3.203 4.092v4.711zM5.005 6.575a1.548 1.548 0 11-.003-3.096 1.548 1.548 0 01.003 3.096zm-1.337 9.763H6.34v-8.59H3.667v8.59zM17.668 1H2.328C1.595 1 1 1.581 1 2.298v15.403C1 18.418 1.595 19 2.328 19h15.34c.734 0 1.332-.582 1.332-1.299V2.298C19 1.581 18.402 1 17.668 1z"
                    fill-rule="evenodd"
                  />
                </svg>
              </a>
            </li>
            <!---->
          </ul>
           
          <button
            class="mt-4 px-4 py-2 bg-cerulean text-ivory rounded-md hover:bg-cerulean-600 transition-colors duration-300 font-sourceSans"
            data-testid="view-details-button"
          >
            View Details
          </button>
        </li>
        <!---->
      </ul>
    </div>
  </div>
   
  <!---->
  
</div>
`;
